---
source: crate/sinexctl/src/commands/tui.rs
expression: matrix
---
[
  {
    "caveats": [],
    "cockpit_state": "ready",
    "continuity": "active",
    "fixture": "ux.runtime.ready",
    "readiness": "ready"
  },
  {
    "caveats": [],
    "cockpit_state": "unparsed",
    "continuity": "material-only",
    "fixture": "ux.runtime.material-only",
    "readiness": "ready"
  },
  {
    "caveats": [
      "parser.version_drift"
    ],
    "cockpit_state": "drift",
    "continuity": "active",
    "fixture": "ux.runtime.drift",
    "readiness": "ready"
  },
  {
    "caveats": [
      "material.staged_unparsed"
    ],
    "cockpit_state": "unparsed",
    "continuity": "material-only",
    "fixture": "ux.runtime.unparsed",
    "readiness": "missing-events"
  },
  {
    "caveats": [
      "policy.raw_material_blocked"
    ],
    "cockpit_state": "blocked",
    "continuity": "unknown",
    "fixture": "ux.runtime.blocked",
    "readiness": "missing-binding"
  }
]
