---
source: crate/sinexctl/src/commands/tui.rs
expression: buffer_to_text(terminal.backend().buffer())
---
┌operation ux.operation.failed/audited─────────────────────────────────────────────┐
│Authority  admin                                                                  │
│Phase      failed                                                                 │
│Progress   42 / 100 events, batch 3                                               │
│                                                                                  │
│Affected Refs                                                                     │
│source: fixture.replay                                                            │
│source-material: material-fixture                                                 │
│                                                                                  │
│Caveats                                                                           │
│mutating replay phase: confirmation/audit trail required                          │
│error: fixture replay failed after preview                                        │
│                                                                                  │
│Actions                                                                           │
│status [current] — sinexctl ops replay status op-fixture                          │
│execute [dangerous] — sinexctl ops replay execute op-fixture                      │
│evidence [current] — sinexctl ops evidence compile --operation op-fixture         │
│--include-debt --include-runtime                                                  │
│                                                                                  │
│Audit                                                                             │
│sinexctl ops audit op-fixture                                                     │
└──────────────────────────────────────────────────────────────────────────────────┘
