---
source: xtask/tests/cli_output_snapshots.rs
assertion_line: 149
expression: json
---
{
  "command": "status",
  "data": {
    "active_jobs": "[volatile]",
    "baseline_velocity": "[volatile]",
    "diagnostics": "[volatile]",
    "files_changed": "[volatile]",
    "git": "[volatile]",
    "health": "[volatile]",
    "health_indicator": "[volatile]",
    "health_score": "[volatile]",
    "history": "[volatile]",
    "infrastructure": "[volatile]",
    "last_commands": "[volatile]",
    "last_commit": "[volatile]",
    "runtime": "[volatile]",
    "services": "[volatile]",
    "summary": "[volatile]",
    "uncommitted_count": "[volatile]",
    "velocity": "[volatile]",
    "warnings": "[volatile]"
  },
  "duration_secs": "[duration]",
  "status": "success",
  "timestamp": "[timestamp]"
}
